******************************************************************************
                  TI ARM Linker PC v20.2.5                     
******************************************************************************
>> Linked Mon Dec 12 17:45:58 2022

OUTPUT FILE NAME:   <intest.out>
ENTRY POINT SYMBOL: "_c_int00_noargs"  address: 00001171


MEMORY CONFIGURATION

         name            origin    length      used     unused   attr    fill
----------------------  --------  ---------  --------  --------  ----  --------
  FLASH                 00000000   00040000  0000144e  0003ebb2  R  X
  SRAM                  20000000   00008000  00000211  00007def  RW X


SEGMENT ALLOCATION MAP

run origin  load origin   length   init length attrs members
----------  ----------- ---------- ----------- ----- -------
00000000    00000000    00001450   00001450    r-x
  00000000    00000000    0000026c   0000026c    r-- .intvecs
  0000026c    0000026c    00001086   00001086    r-x .text
  000012f4    000012f4    0000012c   0000012c    r-- .const
  00001420    00001420    00000030   00000030    r-- .cinit
20000000    20000000    00000211   00000000    rw-
  20000000    20000000    00000200   00000000    rw- .stack
  20000200    20000200    0000000c   00000000    rw- .bss
  2000020c    2000020c    00000005   00000000    rw- .data


SECTION ALLOCATION MAP

 output                                  attributes/
section   page    origin      length       input sections
--------  ----  ----------  ----------   ----------------
.intvecs   0    00000000    0000026c     
                  00000000    0000026c     tm4c123gh6pm_startup_ccs.obj (.intvecs)

.text      0    0000026c    00001086     
                  0000026c    000004a8     uartstdio.obj (.text)
                  00000714    000002d8     main.obj (.text)
                  000009ec    0000016c     driverlib.lib : gpio.obj (.text:GPIOPadConfigSet)
                  00000b58    00000118                   : sysctl.obj (.text:SysCtlClockGet)
                  00000c70    000000f4                   : sysctl.obj (.text:SysCtlClockSet)
                  00000d64    000000a8     main.obj (.text:WaitUntilPinState)
                  00000e0c    0000009c     rtsv7M4_T_le_v4SPD16_eabi.lib : memcpy_t2.asm.obj (.text)
                  00000ea8    0000007a                                   : memset_t2.asm.obj (.text)
                  00000f22    00000068                                   : copy_decompress_lzss.c.obj (.text:decompress:lzss:__TI_decompress_lzss)
                  00000f8a    00000002                                   : div0.asm.obj (.text)
                  00000f8c    00000060     driverlib.lib : timer.obj (.text:TimerConfigure)
                  00000fec    0000004c                   : gpio.obj (.text:GPIOPinConfigure)
                  00001038    00000046                   : uart.obj (.text:UARTConfigSetExpClk)
                  0000107e    00000002     --HOLE-- [fill = 0]
                  00001080    00000044     rtsv7M4_T_le_v4SPD16_eabi.lib : autoinit.c.obj (.text:__TI_auto_init_nobinit_nopinit:__TI_auto_init_nobinit_nopinit)
                  000010c4    00000040                                   : u_divt2.asm.obj (.text)
                  00001104    00000038     driverlib.lib : sysctl.obj (.text:SysCtlPeripheralPresent)
                  0000113c    00000034                   : sysctl.obj (.text:SysCtlPeripheralEnable)
                  00001170    00000034     rtsv7M4_T_le_v4SPD16_eabi.lib : boot_cortex_m.c.obj (.text:_c_int00_noargs:_c_int00_noargs)
                  000011a4    0000002c     driverlib.lib : gpio.obj (.text:GPIODirModeSet)
                  000011d0    00000020                   : uart.obj (.text:UARTDisable)
                  000011f0    0000001c     rtsv7M4_T_le_v4SPD16_eabi.lib : copy_zero_init.c.obj (.text:decompress:ZI:__TI_zero_init_nomemset:__TI_zero_init_nomemset)
                  0000120c    0000001a     driverlib.lib : gpio.obj (.text:GPIOPinTypeGPIOOutput)
                  00001226    00000002     --HOLE-- [fill = 0]
                  00001228    00000018                   : timer.obj (.text:TimerDisable)
                  00001240    00000016                   : gpio.obj (.text:GPIOPinTypeGPIOInput)
                  00001256    00000016                   : gpio.obj (.text:GPIOPinTypeUART)
                  0000126c    00000014                   : uart.obj (.text:UARTEnable)
                  00001280    00000012                   : timer.obj (.text:TimerLoadSet)
                  00001292    0000000e                   : timer.obj (.text:TimerEnable)
                  000012a0    0000000e     rtsv7M4_T_le_v4SPD16_eabi.lib : copy_decompress_none.c.obj (.text:decompress:none:__TI_decompress_none)
                  000012ae    0000000c     tm4c123gh6pm_startup_ccs.obj (.text)
                  000012ba    0000000a     driverlib.lib : timer.obj (.text:TimerValueGet)
                  000012c4    0000000a                   : uart.obj (.text:UARTCharGet)
                  000012ce    0000000a                   : uart.obj (.text:UARTCharPut)
                  000012d8    00000006                   : gpio.obj (.text:GPIOPinRead)
                  000012de    00000006                   : gpio.obj (.text:GPIOPinWrite)
                  000012e4    00000006                   : sysctl.obj (.text:SysCtlDelay)
                  000012ea    00000004     rtsv7M4_T_le_v4SPD16_eabi.lib : pre_init.c.obj (.text:_system_pre_init)
                  000012ee    00000004                                   : exit.c.obj (.text:abort:abort)

.const     0    000012f4    0000012c     
                  000012f4    00000090     driverlib.lib : gpio.obj (.const:g_pui32GPIOBaseAddrs)
                  00001384    0000006c                   : sysctl.obj (.const:g_pui32Xtals)
                  000013f0    00000012     uartstdio.obj (.const:.string)
                  00001402    00000002     --HOLE-- [fill = 0]
                  00001404    0000000c     uartstdio.obj (.const:g_ui32UARTBase)
                  00001410    0000000c     uartstdio.obj (.const:g_ui32UARTPeriph)
                  0000141c    00000004     uartstdio.obj (.const)

.cinit     0    00001420    00000030     
                  00001420    0000000c     (__TI_handler_table)
                  0000142c    00000004     --HOLE-- [fill = 0]
                  00001430    00000008     (.cinit..bss.load) [load image, compression = zero_init]
                  00001438    00000007     (.cinit..data.load) [load image, compression = lzss]
                  0000143f    00000001     --HOLE-- [fill = 0]
                  00001440    00000010     (__TI_cinit_table)

.init_array 
*          0    00000000    00000000     UNINITIALIZED

.bss       0    20000200    0000000c     UNINITIALIZED
                  20000200    00000004     (.common:g_ui32SysClock)
                  20000204    00000004     (.common:humidity)
                  20000208    00000004     (.common:temp)

.data      0    2000020c    00000005     UNINITIALIZED
                  2000020c    00000005     uartstdio.obj (.data)

.stack     0    20000000    00000200     UNINITIALIZED
                  20000000    00000004     rtsv7M4_T_le_v4SPD16_eabi.lib : boot_cortex_m.c.obj (.stack)
                  20000004    000001fc     --HOLE--

__llvm_prf_cnts 
*          0    20000000    00000000     UNINITIALIZED

MODULE SUMMARY

       Module                         code   ro data   rw data
       ------                         ----   -------   -------
    .\
       uartstdio.obj                  1192   46        5      
       main.obj                       896    0         12     
       tm4c123gh6pm_startup_ccs.obj   12     620       0      
    +--+------------------------------+------+---------+---------+
       Total:                         2100   666       17     
                                                              
    C:/ti/TivaWare_C_Series-2.2.0.295/driverlib/ccs/Debug/driverlib.lib
       sysctl.obj                     638    108       0      
       gpio.obj                       566    144       0      
       timer.obj                      162    0         0      
       uart.obj                       142    0         0      
    +--+------------------------------+------+---------+---------+
       Total:                         1508   252       0      
                                                              
    E:\CCS\ccs\tools\compiler\ti-cgt-arm_20.2.5.LTS\lib\rtsv7M4_T_le_v4SPD16_eabi.lib
       memcpy_t2.asm.obj              156    0         0      
       memset_t2.asm.obj              122    0         0      
       copy_decompress_lzss.c.obj     104    0         0      
       autoinit.c.obj                 68     0         0      
       u_divt2.asm.obj                64     0         0      
       boot_cortex_m.c.obj            52     0         0      
       copy_zero_init.c.obj           28     0         0      
       copy_decompress_none.c.obj     14     0         0      
       exit.c.obj                     4      0         0      
       pre_init.c.obj                 4      0         0      
       div0.asm.obj                   2      0         0      
    +--+------------------------------+------+---------+---------+
       Total:                         618    0         0      
                                                              
       Stack:                         0      0         512    
       Linker Generated:              0      43        0      
    +--+------------------------------+------+---------+---------+
       Grand Total:                   4226   961       529    


LINKER GENERATED COPY TABLES

__TI_cinit_table @ 00001440 records: 2, size/record: 8, table size: 16
	.bss: load addr=00001430, load size=00000008 bytes, run addr=20000200, run size=0000000c bytes, compression=zero_init
	.data: load addr=00001438, load size=00000007 bytes, run addr=2000020c, run size=00000005 bytes, compression=lzss


LINKER GENERATED HANDLER TABLE

__TI_handler_table @ 00001420 records: 3, size/record: 4, table size: 12
	index: 0, handler: __TI_decompress_lzss
	index: 1, handler: __TI_decompress_none
	index: 2, handler: __TI_zero_init


GLOBAL SYMBOLS: SORTED ALPHABETICALLY BY Name 

address   name                          
-------   ----                          
000012ef  C$$EXIT                       
000011a5  GPIODirModeSet                
000009ed  GPIOPadConfigSet              
00000fed  GPIOPinConfigure              
000012d9  GPIOPinRead                   
00001241  GPIOPinTypeGPIOInput          
0000120d  GPIOPinTypeGPIOOutput         
00001257  GPIOPinTypeUART               
000012df  GPIOPinWrite                  
00000765  ReadDHT                       
000012af  ResetISR                      
00000b59  SysCtlClockGet                
00000c71  SysCtlClockSet                
000012e5  SysCtlDelay                   
0000113d  SysCtlPeripheralEnable        
00001105  SysCtlPeripheralPresent       
00000f8d  TimerConfigure                
00001229  TimerDisable                  
00001293  TimerEnable                   
00001281  TimerLoadSet                  
000012bb  TimerValueGet                 
000012c5  UARTCharGet                   
000012cf  UARTCharPut                   
00001039  UARTConfigSetExpClk           
000011d1  UARTDisable                   
0000126d  UARTEnable                    
00000715  UARTInit                      
0000026d  UARTStdioConfig               
000003bd  UARTgetc                      
00000303  UARTgets                      
000006df  UARTprintf                    
000003e5  UARTvprintf                   
000002b3  UARTwrite                     
00000d65  WaitUntilPinState             
20000200  __STACK_END                   
00000200  __STACK_SIZE                  
20000200  __STACK_TOP                   
00001440  __TI_CINIT_Base               
00001450  __TI_CINIT_Limit              
00001420  __TI_Handler_Table_Base       
0000142c  __TI_Handler_Table_Limit      
00001081  __TI_auto_init_nobinit_nopinit
00000f23  __TI_decompress_lzss          
000012a1  __TI_decompress_none          
ffffffff  __TI_pprof_out_hndl           
ffffffff  __TI_prof_data_size           
ffffffff  __TI_prof_data_start          
00000000  __TI_static_base__            
000011f1  __TI_zero_init_nomemset       
00000f8b  __aeabi_idiv0                 
00000f8b  __aeabi_ldiv0                 
00000ea9  __aeabi_memclr                
00000ea9  __aeabi_memclr4               
00000ea9  __aeabi_memclr8               
00000e0d  __aeabi_memcpy                
00000e0d  __aeabi_memcpy4               
00000e0d  __aeabi_memcpy8               
00000eab  __aeabi_memset                
00000eab  __aeabi_memset4               
00000eab  __aeabi_memset8               
000010c5  __aeabi_uidiv                 
000010c5  __aeabi_uidivmod              
ffffffff  __binit__                     
ffffffff  __c_args__                    
UNDEFED   __mpu_init                    
20000000  __stack                       
20000000  __start___llvm_prf_cnts       
20000000  __stop___llvm_prf_cnts        
00001171  _c_int00_noargs               
UNDEFED   _system_post_cinit            
000012eb  _system_pre_init              
000012ef  abort                         
ffffffff  binit                         
00000000  g_pfnVectors                  
20000200  g_ui32SysClock                
20000204  humidity                      
00000939  main                          
00000e0d  memcpy                        
00000eb1  memset                        
20000208  temp                          


GLOBAL SYMBOLS: SORTED BY Symbol Address 

address   name                          
-------   ----                          
00000000  __TI_static_base__            
00000000  g_pfnVectors                  
00000200  __STACK_SIZE                  
0000026d  UARTStdioConfig               
000002b3  UARTwrite                     
00000303  UARTgets                      
000003bd  UARTgetc                      
000003e5  UARTvprintf                   
000006df  UARTprintf                    
00000715  UARTInit                      
00000765  ReadDHT                       
00000939  main                          
000009ed  GPIOPadConfigSet              
00000b59  SysCtlClockGet                
00000c71  SysCtlClockSet                
00000d65  WaitUntilPinState             
00000e0d  __aeabi_memcpy                
00000e0d  __aeabi_memcpy4               
00000e0d  __aeabi_memcpy8               
00000e0d  memcpy                        
00000ea9  __aeabi_memclr                
00000ea9  __aeabi_memclr4               
00000ea9  __aeabi_memclr8               
00000eab  __aeabi_memset                
00000eab  __aeabi_memset4               
00000eab  __aeabi_memset8               
00000eb1  memset                        
00000f23  __TI_decompress_lzss          
00000f8b  __aeabi_idiv0                 
00000f8b  __aeabi_ldiv0                 
00000f8d  TimerConfigure                
00000fed  GPIOPinConfigure              
00001039  UARTConfigSetExpClk           
00001081  __TI_auto_init_nobinit_nopinit
000010c5  __aeabi_uidiv                 
000010c5  __aeabi_uidivmod              
00001105  SysCtlPeripheralPresent       
0000113d  SysCtlPeripheralEnable        
00001171  _c_int00_noargs               
000011a5  GPIODirModeSet                
000011d1  UARTDisable                   
000011f1  __TI_zero_init_nomemset       
0000120d  GPIOPinTypeGPIOOutput         
00001229  TimerDisable                  
00001241  GPIOPinTypeGPIOInput          
00001257  GPIOPinTypeUART               
0000126d  UARTEnable                    
00001281  TimerLoadSet                  
00001293  TimerEnable                   
000012a1  __TI_decompress_none          
000012af  ResetISR                      
000012bb  TimerValueGet                 
000012c5  UARTCharGet                   
000012cf  UARTCharPut                   
000012d9  GPIOPinRead                   
000012df  GPIOPinWrite                  
000012e5  SysCtlDelay                   
000012eb  _system_pre_init              
000012ef  C$$EXIT                       
000012ef  abort                         
00001420  __TI_Handler_Table_Base       
0000142c  __TI_Handler_Table_Limit      
00001440  __TI_CINIT_Base               
00001450  __TI_CINIT_Limit              
20000000  __stack                       
20000000  __start___llvm_prf_cnts       
20000000  __stop___llvm_prf_cnts        
20000200  __STACK_END                   
20000200  __STACK_TOP                   
20000200  g_ui32SysClock                
20000204  humidity                      
20000208  temp                          
ffffffff  __TI_pprof_out_hndl           
ffffffff  __TI_prof_data_size           
ffffffff  __TI_prof_data_start          
ffffffff  __binit__                     
ffffffff  __c_args__                    
ffffffff  binit                         
UNDEFED   __mpu_init                    
UNDEFED   _system_post_cinit            

[80 symbols]
